register ruby/load
[[0,0.0,0.0],true]
ruby_load "nonexistent.rb"
[
  [
    [
      -3,
      0.0,
      0.0
    ],
    "syscall error 'fopen: failed to open mruby script file: <nonexistent.rb>'"
  ],
  {
    "exception": {
      "message": "syscall error 'fopen: failed to open mruby script file: <nonexistent.rb>'"
    }
  }
]
#|e| syscall error 'fopen: failed to open mruby script file: <nonexistent.rb>' (No such file or directory)[?]
