table_create Records TABLE_HASH_KEY ShortText
[[0,0.0,0.0],true]
column_create Records tags COLUMN_VECTOR ShortText
[[0,0.0,0.0],true]
load --table Records
[
{"_key": "empty", "tags": []}
]
[[0,0.0,0.0],1]
select Records   --output_columns '_id, tags || "default"'   --command_version 2
[[0,0.0,0.0],[[[1],[["_id","UInt32"],["tags","ShortText"]],[1,[]]]]]
