tokenize TokenBigram "あいabアイ" NormalizerAuto NONE GET
[
  [
    0,
    0.0,
    0.0
  ],
  [
    {
      "value": "あい",
      "position": 0
    },
    {
      "value": "ab",
      "position": 2
    },
    {
      "value": "アイ",
      "position": 3
    }
  ]
]
