tokenize TokenUnknown "aBcDe 123"
[[[-22,0.0,0.0],"[tokenize] unknown tokenizer: <TokenUnknown>"],[]]
#|e| [tokenize] unknown tokenizer: <TokenUnknown>
