register table/table
[[0,0.0,0.0],true]
table_create Diaries TABLE_PAT_KEY ShortText
[[0,0.0,0.0],true]
column_create Diaries title COLUMN_SCALAR ShortText
[[0,0.0,0.0],true]
column_create Diaries tags COLUMN_VECTOR ShortText
[[0,0.0,0.0],true]
load --table Diaries
[
{"_key":"2012-08-14", "title": "'get' command is moved!", "tags": ["groonga", "development"]},
]
[[0,0.0,0.0],1]
get Diaries 'nonexistent'
[
  [
    [
      -22,
      0.0,
      0.0
    ],
    "[table][get] nonexistent key: <nonexistent>: table: <Diaries>"
  ]
]
#|e| [table][get] nonexistent key: <nonexistent>: table: <Diaries>
