table_create Memos TABLE_HASH_KEY ShortText
[[0,0.0,0.0],true]
column_create Memos tag1 COLUMN_SCALAR Text
[[0,0.0,0.0],true]
column_create Memos tag2 COLUMN_SCALAR ShortText
[[0,0.0,0.0],true]
load --table Memos
[
{"_key": "Groonga is fast!", "tag1": "Groonga"},
{"_key": "Mroonga is fast!", "tag1": "Mroonga", "tag2": "Groonga"},
{"_key": "Groonga sticker!", "tag1": "Groonga"},
{"_key": "Rroonga is fast!", "tag1": "Rroonga", "tag2": "Groonga"}
]
[[0,0.0,0.0],4]
select Memos --drilldown tag1,tag2
[
  [
    [
      -22,
      0.0,
      0.0
    ],
    "[table][create] key size too big: <> <Text>(65536) (max:4096)"
  ],
  [
    [
      [
        4
      ],
      [
        [
          "_id",
          "UInt32"
        ],
        [
          "_key",
          "ShortText"
        ],
        [
          "tag1",
          "Text"
        ],
        [
          "tag2",
          "ShortText"
        ]
      ],
      [
        1,
        "Groonga is fast!",
        "Groonga",
        ""
      ],
      [
        2,
        "Mroonga is fast!",
        "Mroonga",
        "Groonga"
      ],
      [
        3,
        "Groonga sticker!",
        "Groonga",
        ""
      ],
      [
        4,
        "Rroonga is fast!",
        "Rroonga",
        "Groonga"
      ]
    ]
  ]
]
#|e| [table][create] key size too big: <> <Text>(65536) (max:4096)
