table_create bookmarks
[[0,0.0,0.0],true]
table_list
[
  [
    0,
    0.0,
    0.0
  ],
  [
    [
      [
        "id",
        "UInt32"
      ],
      [
        "name",
        "ShortText"
      ],
      [
        "path",
        "ShortText"
      ],
      [
        "flags",
        "ShortText"
      ],
      [
        "domain",
        "ShortText"
      ],
      [
        "range",
        "ShortText"
      ]
    ],
    [
      256,
      "bookmarks",
      "tmp/db.0000100",
      "TABLE_HASH_KEY|PERSISTENT",
      "null",
      "null"
    ]
  ]
]
