normalize NormalizerAuto "aBcDe 123"
[[0,0.0,0.0],"abcde 123"]
