table_create Terms TABLE_PAT_KEY ShortText   --default_tokenizer TokenDelimit   --normalizer NormalizerAuto
[[0,0.0,0.0],true]
table_tokenize Terms "aB￾cDe 1￾23" ENABLE_TOKENIZED_DELIMITER ADD
[
  [
    0,
    0.0,
    0.0
  ],
  [
    {
      "value": "ab",
      "position": 0
    },
    {
      "value": "cde 1",
      "position": 1
    },
    {
      "value": "23",
      "position": 2
    }
  ]
]
