table_create Terms TABLE_PAT_KEY ShortText   --default_tokenizer TokenBigram   --normalizer NormalizerAuto
[[0,0.0,0.0],true]
table_tokenize Terms "aBcDe 123"
[[0,0.0,0.0],[{"value":"abcde","position":0},{"value":"123","position":1}]]
