register table/table
[[0,0.0,0.0],true]
table_create Shops TABLE_PAT_KEY ShortText
[[0,0.0,0.0],true]
table_create Tags TABLE_PAT_KEY ShortText
[[0,0.0,0.0],true]
column_create Shops tags COLUMN_VECTOR Tags
[[0,0.0,0.0],true]
column_create Tags shops_tag COLUMN_INDEX Shops tags
[[0,0.0,0.0],true]
column_create Shops budget COLUMN_SCALAR UInt32
[[0,0.0,0.0],true]
add Shops '{"_key":"くりこあん","tags":["たいやき","養殖"],"budget":180}'
[[0,0.0,0.0],true]
add Shops '{"_key":"なか一","tags":["季節料理"],"budget":800}'
[[0,0.0,0.0],true]
add Shops '{"_key":"魚寅食堂","tags":["漁師","季節料理"],"budget":750}'
[[0,0.0,0.0],true]
add Shops '{"_key":"DRAGON飯店","tags":["中華"],"budget":600}'
[[0,0.0,0.0],true]
add Shops '{"_key":"魚浜","tags":["回転寿司"],"budget":600}'
[[0,0.0,0.0],true]
add Shops '{"_key":"beanDaisy","tags":["caffe","カプチーノ"],"budget":650}'
[[0,0.0,0.0],true]
add Shops '{"_key":"維新","tags":["麺や"],"budget":800}'
[[0,0.0,0.0],true]
add Shops '{"_key":"ひづめ","tags":["とんかつ"],"budget":900}'
[[0,0.0,0.0],true]
add Shops '{"_key":"和互","tags":["魚"],"budget":1000}'
[[0,0.0,0.0],true]
filter Shops budget < 700
[[0,0.0,0.0],2147483649]
output 2147483649 _key,budget
[
  [
    0,
    0.0,
    0.0
  ],
  [
    [
      4
    ],
    [
      [
        "_key",
        "ShortText"
      ],
      [
        "budget",
        "UInt32"
      ]
    ],
    [
      "くりこあん",
      180
    ],
    [
      "DRAGON飯店",
      600
    ],
    [
      "魚浜",
      600
    ],
    [
      "beanDaisy",
      650
    ]
  ]
]
