table_create Names TABLE_HASH_KEY ShortText
[[0,0.0,0.0],true]
dump
table_create Names TABLE_HASH_KEY ShortText
table_remove Names
[[0,0.0,0.0],true]
dump
